// Vitest Snapshot v1, https://vitest.dev/guide/snapshot.html

exports[`matches snapshot 1`] = `
<DocumentFragment>
  <div
    class="Login-container"
  >
    <h1>
      Log In
    </h1>
    <form>
      <div>
        <label
          for="username"
        >
          Username :
        </label>
        <input
          autocomplete="current-username"
          id="username"
          name="username"
          placeholder="Username"
          required=""
          type="text"
          value=""
        />
      </div>
      <div>
        <label
          for="password"
        >
          Password :
        </label>
        <input
          autocomplete="current-password"
          id="password"
          name="password"
          placeholder="Password"
          required=""
          type="password"
          value=""
        />
      </div>
      <button
        type="submit"
      >
        Log in
      </button>
    </form>
  </div>
</DocumentFragment>
`;
