// Vitest Snapshot v1, https://vitest.dev/guide/snapshot.html

exports[`matches snapshot 1`] = `
<DocumentFragment>
  <div
    class="PetNewForm-container"
  >
    <h1>
      Add a New Pet
    </h1>
    <form>
      <div>
        <label
          for="name"
        >
          Name:
        </label>
        <input
          id="name"
          name="name"
          placeholder="Pet's Name"
          required=""
          type="text"
          value=""
        />
      </div>
      <div>
        <label
          for="type"
        >
          Type:
        </label>
        <input
          id="type"
          name="type"
          placeholder="Pet's Type (e.g., Dog, Cat)"
          required=""
          type="text"
          value=""
        />
      </div>
      <div>
        <label
          for="breed"
        >
          Breed:
        </label>
        <input
          id="breed"
          name="breed"
          placeholder="Pet's Breed"
          type="text"
          value=""
        />
      </div>
      <div>
        <label
          for="age"
        >
          Age:
        </label>
        <input
          id="age"
          min="0"
          name="age"
          placeholder="Pet's Age"
          type="number"
          value=""
        />
      </div>
      <div>
        <label
          for="bio"
        >
          Bio:
        </label>
        <textarea
          id="bio"
          name="bio"
          placeholder="Tell us about your pet"
        />
      </div>
      <div>
        <label
          for="photoUrl"
        >
          Photo URL:
        </label>
        <input
          id="photoUrl"
          name="photoUrl"
          placeholder="Photo URL"
          type="text"
          value=""
        />
      </div>
      <button
        type="submit"
      >
        Add Pet
      </button>
    </form>
  </div>
</DocumentFragment>
`;
