// Vitest Snapshot v1, https://vitest.dev/guide/snapshot.html

exports[`matches snapshot 1`] = `
<DocumentFragment>
  <div
    class="PostNewForm-container"
  >
    <h1>
      Add a New Post
    </h1>
    <form
      role="form"
    >
      <div>
        <label
          for="content"
        >
          Content :
        </label>
        <input
          id="content"
          name="content"
          placeholder="Content"
          required=""
          type="text"
          value=""
        />
      </div>
      <div>
        <label
          for="imageUrl"
        >
          Image URL :
        </label>
        <input
          id="imageUrl"
          name="imageUrl"
          placeholder="Image URL"
          type="text"
          value=""
        />
      </div>
      <button
        type="submit"
      >
        Add Post
      </button>
    </form>
  </div>
</DocumentFragment>
`;
