// Vitest Snapshot v1, https://vitest.dev/guide/snapshot.html

exports[`matches snapshot 1`] = `
<DocumentFragment>
  <div
    class="Signup-container"
  >
    <h1>
      Sign Up
    </h1>
    <form>
      <div>
        <label
          for="username"
        >
          Username :
        </label>
        <input
          autocomplete="username"
          id="username"
          name="username"
          placeholder="Username"
          required=""
          type="text"
          value=""
        />
      </div>
      <div>
        <label
          for="password"
        >
          Password :
        </label>
        <input
          autocomplete="new-password"
          id="password"
          name="password"
          placeholder="Password"
          required=""
          type="password"
          value=""
        />
      </div>
      <div>
        <label
          for="name"
        >
          Name :
        </label>
        <input
          id="name"
          name="name"
          placeholder="Name"
          required=""
          type="text"
          value=""
        />
      </div>
      <div>
        <label
          for="email"
        >
          E-mail :
        </label>
        <input
          autocomplete="email"
          id="email"
          name="email"
          placeholder="email"
          required=""
          type="text"
          value=""
        />
      </div>
      <div>
        <label
          for="profilePic"
        >
          Profile Picture Url :
        </label>
        <input
          id="profilePic"
          name="profilePic"
          placeholder="Profile Picture Url"
          type="text"
          value=""
        />
      </div>
      <input
        name="isAdmin"
        type="hidden"
        value="false"
      />
      <button
        type="submit"
      >
        Sign up
      </button>
    </form>
  </div>
</DocumentFragment>
`;
